
> quilla-astro@0.0.1 build C:\PROYECTOS\quilla-astro
> astro build

[2m16:34:46[22m [34m[content][39m Syncing content
[2m16:34:46[22m [34m[content][39m Synced content
[2m16:34:46[22m [34m[types][39m Generated [2m1.35s[22m
[2m16:34:46[22m [34m[build][39m output: [34m"static"[39m
[2m16:34:46[22m [34m[build][39m mode: [34m"static"[39m
[2m16:34:46[22m [34m[build][39m directory: [34mC:\PROYECTOS\quilla-astro\dist\[39m
[2m16:34:46[22m [34m[build][39m Collecting build info...
[2m16:34:46[22m [34m[build][39m [32mÔ£ô Completed in 1.41s.[39m
[2m16:34:46[22m [34m[build][39m Building static entrypoints...
node.exe : [31m[1m16:34:48[22m [ERROR] [vite][39m [31mÔ£ù[39m Build failed in 2.27s
En C:\Users\Cuevas Carrillo\AppData\Roaming\npm\pnpm.ps1: 24 Carácter: 5
+     & "node$exe"  "$basedir/node_modules/pnpm/bin/pnpm.cjs" $args
+     ~~~~~~~~~~~~~~~~~~~~~~~~~~~~~~~~~~~~~~~~~~~~~~~~~~~~~~~~~~~~~
    + CategoryInfo          : NotSpecified: ([31m[1m16:34:...failed in 2.27s:String) [], RemoteException
    + FullyQualifiedErrorId : NativeCommandError
 
[31m[ImageNotFound][39m [commonjs--resolver] Could not find requested image `../../assets/camaras-seguridad.jpeg`. 
Does it exist?
  [1mHint:[22m
[33m    This is often caused by a typo in the image path. Please make sure the file exists, and is spelled 
correctly.[39m
  [1mError reference:[22m
    [36m[4mhttps://docs.astro.build/en/reference/errors/image-not-found/[24m[39m
  [1mLocation:[22m
    [4mC:\PROYECTOS\quilla-astro\node_modules\.pnpm\astro@5.16.6_@types+node@25_feb24e858396a4d6b45d99a8ed7ffd4c\node_
modules\astro\dist\content\vite-plugin-content-assets.js:31:17[24m
  [1mStack trace:[22m
[2m    at Object.resolveId (file:///C:/PROYECTOS/quilla-astro/node_modules/.pnpm/astro@5.16.6_@types+node@25_feb24e858
396a4d6b45d99a8ed7ffd4c/node_modules/astro/dist/content/vite-plugin-content-assets.js:31:17)
    at async resolveId (file:///C:/PROYECTOS/quilla-astro/node_modules/.pnpm/rollup@4.54.0/node_modules/rollup/dist/es/
shared/node-entry.js:20880:26)
    at async Object.resolveId (file:///C:/PROYECTOS/quilla-astro/node_modules/.pnpm/vite@6.4.1_@types+node@25.0.3/node_
modules/vite/dist/node/chunks/dep-D4NMHUTW.js:2835:10)
    at async resolveId (file:///C:/PROYECTOS/quilla-astro/node_modules/.pnpm/rollup@4.54.0/node_modules/rollup/dist/es/
shared/node-entry.js:20880:26)
    at async file:///C:/PROYECTOS/quilla-astro/node_modules/.pnpm/rollup@4.54.0/node_modules/rollup/dist/es/shared/node
-entry.js:21621:50[22m
ÔÇëELIFECYCLEÔÇë Command failed with exit code 1.
